[sphereidentity.com/index.html]
[www.google-analytics.com/analytics.js]
[sphereidentity.com/sites/default/files/favicon.png]
[backblue.gif]
[fade.gif]
[index.html]
[sphereidentity.com/sites/default/files/css/css_Fz0QKhqg0Pox2oMEvl80tInI1QFWnJOCT_YfO4dQGCI2a15.css]
[sphereidentity.com/sites/default/files/css/css_wUNuVmuz6cxLESFN8AyffSiT3MM5j0QizLGmA08hjD82a15.css]
[sphereidentity.com/ar.html]
[sphereidentity.com/ru.html]
[sphereidentity.com/zh-hans.html]
[sphereidentity.com/ur.html]
[sphereidentity.com/ml.html]
[sphereidentity.com/hi.html]
[sphereidentity.com/sites/default/files/1-Sphere-Identity-Logo-Header_1.png]
[sphereidentity.com/form/homepage-form.html]
[s3-ap-southeast-1.amazonaws.com/sphereidentity/placeholder.jpg]
[sphereidentity.com/themes/Icu2/sphere/images/3-Video-Logo-Overlay.png]
[sphereidentity.com/sites/default/files/inline-images/4-Business-Identity-Platform-Icon.png]
[sphereidentity.com/sites/default/files/inline-images/5-Personal-Identity-Icon.png]
[sphereidentity.com/sites/default/files/inline-images/6-Future-Compliant-Icon.png]
[sphereidentity.com/sites/default/files/inline-images/7-Powered-by-Blockchain-Icon.png]
[sphereidentity.com/sites/default/files/inline-images/8-Self-Sovereign.png]
[sphereidentity.com/sites/default/files/inline-images/Protect-your-business.jpg]
[sphereidentity.com/sites/default/files/inline-images/10-Infographic.png]
[sphereidentity.com/sites/default/files/inline-images/11-Medium-Logo.png]
[sphereidentity.com/sites/default/files/inline-images/12-LinkedIn-Logo.png]
[sphereidentity.com/sites/default/files/inline-images/13-Twitter-Logo.png]
[sphereidentity.com/node/7.html]
[sphereidentity.com/node/6.html]
[sphereidentity.com/themes/Icu2/sphere/images/14-Sphere-Identity-Logo-Footer.png]
[sphereidentity.com/index.html]
[sphereidentity.com/core/themes/stable/images/core/throbber-active.gif]
[sphereidentity.com/core/themes/stable/images/core/loading-small.gif]
[sphereidentity.com/sites/default/files/js/js_Aj5Rw0UnCltQ_0uLj97mvmNqKurHYcpG1R4Ur3IfBUw.js]
[sphereidentity.com/core/themes/stable/images/core/throbber-inactive.png]
[sphereidentity.com/core/themes/stable/images/core/tree.png]
[sphereidentity.com/core/themes/stable/images/core/tree-bottom.png]
[sphereidentity.com/core/assets/vendor/jquery.ui/themes/base/images/ui-icons_444444_256x240.png]
[sphereidentity.com/core/assets/vendor/jquery.ui/themes/base/images/ui-icons_555555_256x240.png]
[sphereidentity.com/core/assets/vendor/jquery.ui/themes/base/images/ui-icons_ffffff_256x240.png]
[sphereidentity.com/core/assets/vendor/jquery.ui/themes/base/images/ui-icons_777620_256x240.png]
[sphereidentity.com/core/assets/vendor/jquery.ui/themes/base/images/ui-icons_cc0000_256x240.png]
[sphereidentity.com/core/assets/vendor/jquery.ui/themes/base/images/ui-icons_777777_256x240.png]
[sphereidentity.com/sites/default/files/css/css_Fz0QKhqg0Pox2oMEvl80tInI1QFWnJOCT_YfO4dQGCI2a15.css]
[sphereidentity.com/themes/Icu2/sphere/webfonts/fa-solid-900.eot]
[sphereidentity.com/themes/Icu2/sphere/webfonts/fa-solid-900.woff]
[sphereidentity.com/themes/Icu2/sphere/webfonts/fa-solid-900.ttf]
[sphereidentity.com/themes/Icu2/sphere/webfonts/40183_UVF_____.ttf]
[sphereidentity.com/themes/Icu2/sphere/webfonts/HelveticaNeue.ttf]
[sphereidentity.com/themes/Icu2/sphere/images/2-Video-Placeholder.jpg]
[sphereidentity.com/sites/default/files/css/css_wUNuVmuz6cxLESFN8AyffSiT3MM5j0QizLGmA08hjD82a15.css]
[sphereidentity.com/ar/node/7.html]
[sphereidentity.com/ar.html]
[sphereidentity.com/ar/node/6.html]
[sphereidentity.com/ru/node/7.html]
[sphereidentity.com/ru.html]
[sphereidentity.com/ru/node/6.html]
[sphereidentity.com/zh-hans/node/7.html]
[sphereidentity.com/zh-hans.html]
[sphereidentity.com/zh-hans/node/6.html]
[sphereidentity.com/ur/node/7.html]
[sphereidentity.com/ur.html]
[sphereidentity.com/ur/node/6.html]
[sphereidentity.com/ml/node/7.html]
[sphereidentity.com/ml.html]
[sphereidentity.com/ml/node/6.html]
[sphereidentity.com/hi/node/7.html]
[sphereidentity.com/hi.html]
[sphereidentity.com/hi/node/6.html]
[sphereidentity.com/sites/default/files/css/css_8pbd8d34jT9EsZnr3ZiJhkZvFwLR49tYw5YVHvitjEI2a15.css]
[sphereidentity.com/ar/form/homepage-form.html]
[sphereidentity.com/ru/form/homepage-form.html]
[sphereidentity.com/zh-hans/form/homepage-form.html]
[sphereidentity.com/ur/form/homepage-form.html]
[sphereidentity.com/ml/form/homepage-form.html]
[sphereidentity.com/hi/form/homepage-form.html]
[sphereidentity.com/user/login.html]
[sphereidentity.com/form/homepage-form.html]
[sphereidentity.com/sites/default/files/css/css_o9fFKBgkDBS1OPLIHSm8NcBDQv1Ei58GiVAiMP3BqnY2a15.css]
[sphereidentity.com/sites/default/files/js/js_eF2FiXe6f5M8y8mIsNARDCWKkVfT3DgP3yNf9XmtRPg.js]
[sphereidentity.com/node/7.html]
[sphereidentity.com/node/6.html]
[sphereidentity.com/core/themes/stable/images/core/icons/e32700/error.svg]
[sphereidentity.com/core/themes/stable/images/core/icons/e29700/warning.svg]
[sphereidentity.com/core/themes/stable/images/core/icons/73b355/check.svg]
[sphereidentity.com/core/themes/stable/images/core/icons/787878/move.svg]
[sphereidentity.com/core/themes/stable/images/core/icons/000000/move.svg]
[sphereidentity.com/core/themes/stable/images/core/icons/787878/twistie-down.svg]
[sphereidentity.com/core/themes/stable/images/core/icons/787878/twistie-up.svg]
[sphereidentity.com/themes/Icu2/sphere/webfonts/fa-solid-900.html]
[sphereidentity.com/themes/Icu2/sphere/webfonts/fa-solid-900.svg]
[sphereidentity.com/ar/node/7.html]
[sphereidentity.com/ar/node/6.html]
[sphereidentity.com/ar/user/login.html]
[sphereidentity.com/ru/node/7.html]
[sphereidentity.com/ru/node/6.html]
[sphereidentity.com/ru/user/login.html]
[sphereidentity.com/zh-hans/node/7.html]
[sphereidentity.com/zh-hans/node/6.html]
[sphereidentity.com/zh-hans/user/login.html]
[sphereidentity.com/ur/node/7.html]
[sphereidentity.com/ur/node/6.html]
[sphereidentity.com/ur/user/login.html]
[sphereidentity.com/ml/node/7.html]
[sphereidentity.com/ml/node/6.html]
[sphereidentity.com/ml/user/login.html]
[sphereidentity.com/hi/node/7.html]
[sphereidentity.com/hi/node/6.html]
[sphereidentity.com/sites/default/files/css/css_8pbd8d34jT9EsZnr3ZiJhkZvFwLR49tYw5YVHvitjEI2a15.css]
[sphereidentity.com/hi/user/login.html]
[sphereidentity.com/ar/form/homepage-form.html]
[sphereidentity.com/ru/form/homepage-form.html]
[sphereidentity.com/zh-hans/form/homepage-form.html]
[sphereidentity.com/ur/form/homepage-form.html]
[sphereidentity.com/ml/form/homepage-form.html]
[sphereidentity.com/hi/form/homepage-form.html]
[sphereidentity.com/form/form/homepage-form.html]
[sphereidentity.com/sites/default/files/css/css_gnha01vMG1bQIL30MzlGKbpJK7ICoLiYNtvQ36gRv-42a15.css]
[sphereidentity.com/user/login.html]
[sphereidentity.com/sites/default/files/css/css_o9fFKBgkDBS1OPLIHSm8NcBDQv1Ei58GiVAiMP3BqnY2a15.css]
[sphereidentity.com/node/form/homepage-form.html]
[sphereidentity.com/ar/node/form/homepage-form.html]
[sphereidentity.com/sites/default/files/js/js_f3WYISN8JX9rpLdzwSZi9b4CVpz3WEAJZXDuYuVcWeI.js]
[sphereidentity.com/ar/user/login.html]
[sphereidentity.com/ru/node/form/homepage-form.html]
[sphereidentity.com/ru/user/login.html]
[sphereidentity.com/zh-hans/node/form/homepage-form.html]
[sphereidentity.com/zh-hans/user/login.html]
[sphereidentity.com/ur/node/form/homepage-form.html]
[sphereidentity.com/ur/user/login.html]
[sphereidentity.com/ml/node/form/homepage-form.html]
[sphereidentity.com/ml/user/login.html]
[sphereidentity.com/hi/node/form/homepage-form.html]
[sphereidentity.com/hi/user/login.html]
[sphereidentity.com/ar/form/form/homepage-form.html]
[sphereidentity.com/ru/form/form/homepage-form.html]
[sphereidentity.com/zh-hans/form/form/homepage-form.html]
[sphereidentity.com/ur/form/form/homepage-form.html]
[sphereidentity.com/ml/form/form/homepage-form.html]
[sphereidentity.com/hi/form/form/homepage-form.html]
[sphereidentity.com/sites/default/files/css/css_gnha01vMG1bQIL30MzlGKbpJK7ICoLiYNtvQ36gRv-42a15.css]
[sphereidentity.com/user/form/homepage-form.html]
[sphereidentity.com/ar/user/form/homepage-form.html]
[sphereidentity.com/ru/user/form/homepage-form.html]
[sphereidentity.com/zh-hans/user/form/homepage-form.html]
[sphereidentity.com/ur/user/form/homepage-form.html]
[sphereidentity.com/ml/user/form/homepage-form.html]
[sphereidentity.com/hi/user/form/homepage-form.html]
